// Jest Snapshot v1, https://goo.gl/fbAQLP

exports[`transforms javascript.js 1`] = `
"\\"use strict\\";

Object.defineProperty(exports, \\"__esModule\\", {
  value: true
});
exports.street = exports.user = exports.num = void 0;
const [num] = [1, 2, 3];
exports.num = num;
const user = {
  address: {
    street: '1234'
  }
};
exports.user = user;
const street = user?.address?.street;
exports.street = street;"
`;

exports[`transforms react.js 1`] = `
"\\"use strict\\";

Object.defineProperty(exports, \\"__esModule\\", {
  value: true
});
exports.default = void 0;

var _react = _interopRequireWildcard(require(\\"react\\"));

function _getRequireWildcardCache() { if (typeof WeakMap !== \\"function\\") return null; var cache = new WeakMap(); _getRequireWildcardCache = function () { return cache; }; return cache; }

function _interopRequireWildcard(obj) { if (obj && obj.__esModule) { return obj; } if (obj === null || typeof obj !== \\"object\\" && typeof obj !== \\"function\\") { return { default: obj }; } var cache = _getRequireWildcardCache(); if (cache && cache.has(obj)) { return cache.get(obj); } var newObj = {}; var hasPropertyDescriptor = Object.defineProperty && Object.getOwnPropertyDescriptor; for (var key in obj) { if (Object.prototype.hasOwnProperty.call(obj, key)) { var desc = hasPropertyDescriptor ? Object.getOwnPropertyDescriptor(obj, key) : null; if (desc && (desc.get || desc.set)) { Object.defineProperty(newObj, key, desc); } else { newObj[key] = obj[key]; } } } newObj.default = obj; if (cache) { cache.set(obj, newObj); } return newObj; }

const CounterExample = () => {
  const [count, setCount] = (0, _react.useState)(0);
  (0, _react.useEffect)(() => {
    document.title = \`You clicked \${count} times\`;
  });
  return /*#__PURE__*/_react.default.createElement(\\"div\\", null, /*#__PURE__*/_react.default.createElement(\\"p\\", null, \\"You clicked \\", count, \\" times\\"), /*#__PURE__*/_react.default.createElement(\\"button\\", {
    onClick: () => setCount(count + 1)
  }, \\"Click me\\"));
};

var _default = CounterExample;
exports.default = _default;"
`;

exports[`transforms react.jsx 1`] = `
"\\"use strict\\";

Object.defineProperty(exports, \\"__esModule\\", {
  value: true
});
exports.default = void 0;

var _react = _interopRequireWildcard(require(\\"react\\"));

function _getRequireWildcardCache() { if (typeof WeakMap !== \\"function\\") return null; var cache = new WeakMap(); _getRequireWildcardCache = function () { return cache; }; return cache; }

function _interopRequireWildcard(obj) { if (obj && obj.__esModule) { return obj; } if (obj === null || typeof obj !== \\"object\\" && typeof obj !== \\"function\\") { return { default: obj }; } var cache = _getRequireWildcardCache(); if (cache && cache.has(obj)) { return cache.get(obj); } var newObj = {}; var hasPropertyDescriptor = Object.defineProperty && Object.getOwnPropertyDescriptor; for (var key in obj) { if (Object.prototype.hasOwnProperty.call(obj, key)) { var desc = hasPropertyDescriptor ? Object.getOwnPropertyDescriptor(obj, key) : null; if (desc && (desc.get || desc.set)) { Object.defineProperty(newObj, key, desc); } else { newObj[key] = obj[key]; } } } newObj.default = obj; if (cache) { cache.set(obj, newObj); } return newObj; }

const CounterExample = () => {
  const [count, setCount] = (0, _react.useState)(0);
  (0, _react.useEffect)(() => {
    document.title = \`You clicked \${count} times\`;
  });
  return /*#__PURE__*/_react.default.createElement(\\"div\\", null, /*#__PURE__*/_react.default.createElement(\\"p\\", null, \\"You clicked \\", count, \\" times\\"), /*#__PURE__*/_react.default.createElement(\\"button\\", {
    onClick: () => setCount(count + 1)
  }, \\"Click me\\"));
};

var _default = CounterExample;
exports.default = _default;"
`;

exports[`transforms react.tsx 1`] = `
"\\"use strict\\";

Object.defineProperty(exports, \\"__esModule\\", {
  value: true
});
exports.ShowUser = exports.PrintName = void 0;

var React = _interopRequireWildcard(require(\\"react\\"));

function _getRequireWildcardCache() { if (typeof WeakMap !== \\"function\\") return null; var cache = new WeakMap(); _getRequireWildcardCache = function () { return cache; }; return cache; }

function _interopRequireWildcard(obj) { if (obj && obj.__esModule) { return obj; } if (obj === null || typeof obj !== \\"object\\" && typeof obj !== \\"function\\") { return { default: obj }; } var cache = _getRequireWildcardCache(); if (cache && cache.has(obj)) { return cache.get(obj); } var newObj = {}; var hasPropertyDescriptor = Object.defineProperty && Object.getOwnPropertyDescriptor; for (var key in obj) { if (Object.prototype.hasOwnProperty.call(obj, key)) { var desc = hasPropertyDescriptor ? Object.getOwnPropertyDescriptor(obj, key) : null; if (desc && (desc.get || desc.set)) { Object.defineProperty(newObj, key, desc); } else { newObj[key] = obj[key]; } } } newObj.default = obj; if (cache) { cache.set(obj, newObj); } return newObj; }

const PrintName = props => {
  return /*#__PURE__*/React.createElement(\\"div\\", null, /*#__PURE__*/React.createElement(\\"p\\", {
    style: {
      fontWeight: props.priority ? 'bold' : 'normal'
    }
  }, props.name));
};

exports.PrintName = PrintName;

const ShowUser = props => {
  return /*#__PURE__*/React.createElement(PrintName, {
    name: \\"Ned\\"
  });
};

exports.ShowUser = ShowUser;"
`;

exports[`transforms typescript.ts 1`] = `
"\\"use strict\\";

Object.defineProperty(exports, \\"__esModule\\", {
  value: true
});
exports.wrapInArray = wrapInArray;
exports.stringArray = exports.numberToString = void 0;

const numberToString = n => {
  return n.toString();
};

exports.numberToString = numberToString;

function wrapInArray(input) {
  return [input];
}

const stringArray = wrapInArray('hello generics');
exports.stringArray = stringArray;"
`;
